// Jest Snapshot v1, https://goo.gl/fbAQLP

exports[`<LoginForm /> matches saved snapshot 1`] = `
<form
  data-testid="loginForm"
  onSubmit={[Function]}
>
  <WithStyles(InputOutlinedComponent)
    data-testid="email"
    id="email"
    label="Email"
    onChange={[Function]}
    type="email"
    value=""
  />
  <div
    className="login-button"
  >
    <WithStyles(BlockButtonComponent)
      data-testid="signin"
      isLoading={false}
      type="submit"
    >
      Signin
    </WithStyles(BlockButtonComponent)>
  </div>
</form>
`;
